18:05:01 START prefix=REF29180501 clip=$150/$50 band=$450
18:05:02 STAT vol=$0 cost=$+0.00 per10k=$0.00 inv=$1 clip=$50
18:06:04 STAT vol=$73 cost=$+0.06 per10k=$8.21 inv=$1 clip=$50
18:07:06 STAT vol=$173 cost=$+0.13 per10k=$7.79 inv=$1 clip=$50
18:08:07 STAT vol=$173 cost=$+0.13 per10k=$7.76 inv=$1 clip=$50
18:09:08 STAT vol=$173 cost=$+0.13 per10k=$7.74 inv=$1 clip=$50
18:10:09 STAT vol=$223 cost=$+0.17 per10k=$7.80 inv=$51 clip=$50
18:11:10 STAT vol=$324 cost=$+0.30 per10k=$9.37 inv=$50 clip=$50
18:12:10 STAT vol=$373 cost=$+0.33 per10k=$8.73 inv=$1 clip=$50
18:13:10 STAT vol=$373 cost=$+0.33 per10k=$8.73 inv=$1 clip=$50
18:14:12 STAT vol=$373 cost=$+0.33 per10k=$8.73 inv=$1 clip=$50
18:15:13 STAT vol=$473 cost=$+0.42 per10k=$8.93 inv=$1 clip=$50
18:16:15 STAT vol=$473 cost=$+0.42 per10k=$8.93 inv=$1 clip=$50
18:17:16 STAT vol=$572 cost=$+0.53 per10k=$9.26 inv=$1 clip=$50
18:18:17 STAT vol=$672 cost=$+0.63 per10k=$9.36 inv=$1 clip=$50
18:19:18 STAT vol=$802 cost=$+0.95 per10k=$11.86 inv=$71 clip=$50
18:20:18 STAT vol=$972 cost=$+1.13 per10k=$11.61 inv=$1 clip=$50
18:21:20 STAT vol=$1,372 cost=$+1.47 per10k=$10.70 inv=$1 clip=$50
18:22:20 STAT vol=$1,472 cost=$+1.54 per10k=$10.50 inv=$1 clip=$50
18:23:21 STAT vol=$1,472 cost=$+1.54 per10k=$10.49 inv=$1 clip=$50
18:24:22 STAT vol=$1,600 cost=$+1.77 per10k=$11.06 inv=$1 clip=$50
18:25:24 STAT vol=$1,686 cost=$+1.86 per10k=$11.01 inv=$15 clip=$50
18:26:26 STAT vol=$1,851 cost=$+1.93 per10k=$10.42 inv=$150 clip=$50
18:27:27 STAT vol=$2,201 cost=$+2.29 per10k=$10.39 inv=$200 clip=$50
18:28:28 STAT vol=$2,500 cost=$+2.60 per10k=$10.40 inv=$1 clip=$50
18:29:29 STAT vol=$2,599 cost=$+2.69 per10k=$10.36 inv=$1 clip=$50
18:30:29 STAT vol=$2,599 cost=$+2.69 per10k=$10.36 inv=$1 clip=$50
18:31:30 STAT vol=$2,599 cost=$+2.69 per10k=$10.36 inv=$1 clip=$50
18:32:32 STAT vol=$2,599 cost=$+2.69 per10k=$10.36 inv=$1 clip=$50
18:33:32 STAT vol=$2,649 cost=$+2.74 per10k=$10.33 inv=$51 clip=$50
18:34:33 STAT vol=$2,732 cost=$+2.87 per10k=$10.50 inv=$69 clip=$50
18:35:35 STAT vol=$2,800 cost=$+2.92 per10k=$10.44 inv=$0 clip=$50
18:36:36 STAT vol=$2,800 cost=$+2.92 per10k=$10.44 inv=$0 clip=$50
18:37:37 STAT vol=$2,866 cost=$+2.98 per10k=$10.39 inv=$66 clip=$50
18:38:38 STAT vol=$2,916 cost=$+3.09 per10k=$10.61 inv=$116 clip=$50
18:39:39 STAT vol=$2,966 cost=$+3.07 per10k=$10.35 inv=$66 clip=$50
18:40:40 STAT vol=$2,966 cost=$+3.14 per10k=$10.59 inv=$66 clip=$50
18:41:41 STAT vol=$3,120 cost=$+3.30 per10k=$10.58 inv=$12 clip=$50
18:42:43 STAT vol=$3,181 cost=$+3.36 per10k=$10.57 inv=$50 clip=$50
08-29 18:48:02 START prefix=REF29184802 clip=$150/$50 band=$450
08-29 18:48:04 STAT vol=$0 cost=$+0.00 per10k=$0.00 inv=$100 clip=$50
08-29 18:49:04 STAT vol=$400 cost=$+0.15 per10k=$3.85 inv=$500 clip=$50
08-29 18:50:06 STAT vol=$569 cost=$+0.17 per10k=$3.06 inv=$430 clip=$50
08-29 18:51:06 STAT vol=$719 cost=$+0.38 per10k=$5.33 inv=$480 clip=$50
08-29 18:52:06 STAT vol=$789 cost=$+0.58 per10k=$7.31 inv=$410 clip=$50
08-29 18:53:08 STAT vol=$889 cost=$+0.65 per10k=$7.34 inv=$410 clip=$50
08-29 18:54:08 STAT vol=$939 cost=$+0.92 per10k=$9.78 inv=$460 clip=$50
08-29 18:55:09 STAT vol=$1,039 cost=$+1.16 per10k=$11.21 inv=$460 clip=$50
08-29 18:56:10 STAT vol=$1,159 cost=$+1.17 per10k=$10.10 inv=$340 clip=$50
08-29 18:57:11 STAT vol=$1,209 cost=$+1.36 per10k=$11.25 inv=$390 clip=$50
08-29 18:58:12 STAT vol=$1,259 cost=$+1.37 per10k=$10.91 inv=$340 clip=$50
08-29 18:59:13 STAT vol=$1,550 cost=$+2.03 per10k=$13.12 inv=$149 clip=$50
08-29 19:00:15 STAT vol=$1,697 cost=$+2.22 per10k=$13.08 inv=$1 clip=$50
08-29 19:01:15 STAT vol=$1,697 cost=$+2.18 per10k=$12.86 inv=$1 clip=$50
08-29 19:02:17 STAT vol=$1,697 cost=$+2.25 per10k=$13.26 inv=$1 clip=$50
08-29 19:03:18 STAT vol=$1,697 cost=$+2.18 per10k=$12.85 inv=$1 clip=$50
08-29 19:04:18 STAT vol=$1,697 cost=$+2.23 per10k=$13.15 inv=$1 clip=$50
08-29 19:05:18 STAT vol=$1,761 cost=$+2.30 per10k=$13.07 inv=$1 clip=$50
08-29 19:06:19 STAT vol=$1,861 cost=$+2.61 per10k=$14.01 inv=$1 clip=$50
08-29 19:07:19 STAT vol=$1,861 cost=$+2.56 per10k=$13.78 inv=$1 clip=$50
08-29 19:08:19 STAT vol=$1,884 cost=$+2.70 per10k=$14.35 inv=$24 clip=$50
08-29 19:09:12 stopping: loss cap
08-29 19:09:14 FINAL FINAL volume $2,006.76 net $-2.8747 ($14.33/$10k) fees $1.6054 fills 104 (104 maker) base left 2.04921528
08-29 19:40:17 START prefix=REF29194017 clip=$100/$50 band=$100
08-29 19:40:18 STAT vol=$0 cost=$+0.00 per10k=$0.00 inv=$0 clip=$50
08-29 19:41:19 STAT vol=$0 cost=$+0.00 per10k=$0.00 inv=$0 clip=$50
08-29 19:42:20 STAT vol=$94 cost=$+0.10 per10k=$10.29 inv=$94 clip=$50
08-29 19:43:20 STAT vol=$125 cost=$+0.17 per10k=$13.33 inv=$62 clip=$50
08-29 19:44:22 STAT vol=$194 cost=$+0.22 per10k=$11.58 inv=$31 clip=$50
08-29 19:45:22 STAT vol=$294 cost=$+0.33 per10k=$11.39 inv=$0 clip=$50
08-29 19:46:22 STAT vol=$394 cost=$+0.40 per10k=$10.11 inv=$0 clip=$50
08-29 19:47:23 STAT vol=$445 cost=$+0.43 per10k=$9.69 inv=$52 clip=$50
08-29 19:48:23 STAT vol=$488 cost=$+0.46 per10k=$9.51 inv=$94 clip=$50
08-29 19:49:23 STAT vol=$501 cost=$+0.54 per10k=$10.70 inv=$80 clip=$50
08-29 19:50:24 STAT vol=$581 cost=$+0.61 per10k=$10.54 inv=$1 clip=$50
08-29 19:51:26 STAT vol=$680 cost=$+0.71 per10k=$10.45 inv=$100 clip=$50
08-29 19:52:27 STAT vol=$779 cost=$+0.92 per10k=$11.83 inv=$1 clip=$50
08-29 19:53:28 STAT vol=$779 cost=$+0.92 per10k=$11.84 inv=$1 clip=$50
08-29 19:54:29 STAT vol=$829 cost=$+0.97 per10k=$11.74 inv=$50 clip=$50
08-29 19:55:31 STAT vol=$879 cost=$+1.01 per10k=$11.52 inv=$0 clip=$50
08-29 19:56:31 STAT vol=$979 cost=$+1.09 per10k=$11.15 inv=$0 clip=$50
08-29 19:57:32 STAT vol=$979 cost=$+1.09 per10k=$11.15 inv=$0 clip=$50
08-29 19:58:32 STAT vol=$979 cost=$+1.09 per10k=$11.15 inv=$0 clip=$50
08-29 19:59:34 STAT vol=$1,029 cost=$+1.13 per10k=$11.02 inv=$50 clip=$50
08-29 20:00:35 STAT vol=$1,079 cost=$+1.18 per10k=$10.93 inv=$0 clip=$50
08-29 20:01:37 STAT vol=$1,154 cost=$+1.23 per10k=$10.64 inv=$75 clip=$50
08-29 20:02:38 STAT vol=$1,317 cost=$+1.39 per10k=$10.55 inv=$49 clip=$50
08-29 20:03:38 STAT vol=$1,443 cost=$+1.47 per10k=$10.21 inv=$0 clip=$50
08-29 20:04:39 STAT vol=$1,443 cost=$+1.47 per10k=$10.21 inv=$0 clip=$50
08-29 20:05:41 STAT vol=$1,443 cost=$+1.47 per10k=$10.22 inv=$0 clip=$50
08-29 20:06:43 STAT vol=$1,543 cost=$+1.58 per10k=$10.22 inv=$100 clip=$50
08-29 20:07:44 STAT vol=$1,641 cost=$+1.64 per10k=$10.01 inv=$1 clip=$50
08-29 20:08:45 STAT vol=$1,691 cost=$+1.70 per10k=$10.05 inv=$50 clip=$50
08-29 20:09:46 STAT vol=$1,941 cost=$+1.82 per10k=$9.39 inv=$0 clip=$50
08-29 20:10:47 STAT vol=$1,941 cost=$+1.82 per10k=$9.39 inv=$0 clip=$50
08-29 20:11:48 STAT vol=$2,100 cost=$+1.97 per10k=$9.39 inv=$0 clip=$50
08-29 20:12:50 STAT vol=$2,147 cost=$+2.02 per10k=$9.40 inv=$0 clip=$50
08-29 20:13:50 STAT vol=$2,222 cost=$+2.14 per10k=$9.62 inv=$75 clip=$50
08-29 20:14:51 STAT vol=$2,297 cost=$+2.21 per10k=$9.61 inv=$0 clip=$50
08-29 20:15:52 STAT vol=$2,297 cost=$+2.21 per10k=$9.61 inv=$0 clip=$50
08-29 20:16:54 STAT vol=$2,297 cost=$+2.21 per10k=$9.61 inv=$0 clip=$50
08-29 20:17:55 STAT vol=$2,310 cost=$+2.22 per10k=$9.59 inv=$0 clip=$50
08-29 20:18:56 STAT vol=$2,310 cost=$+2.22 per10k=$9.59 inv=$0 clip=$50
08-29 20:19:57 STAT vol=$2,409 cost=$+2.29 per10k=$9.52 inv=$0 clip=$50
08-29 20:20:59 STAT vol=$2,459 cost=$+2.32 per10k=$9.45 inv=$50 clip=$50
08-29 20:22:00 STAT vol=$2,459 cost=$+2.35 per10k=$9.54 inv=$50 clip=$50
08-29 20:23:01 STAT vol=$2,459 cost=$+2.33 per10k=$9.46 inv=$50 clip=$50
08-29 20:24:01 STAT vol=$2,509 cost=$+2.38 per10k=$9.49 inv=$0 clip=$50
08-29 20:25:01 STAT vol=$2,509 cost=$+2.38 per10k=$9.49 inv=$0 clip=$50
08-29 20:26:02 STAT vol=$2,509 cost=$+2.38 per10k=$9.49 inv=$0 clip=$50
08-29 20:27:04 STAT vol=$2,509 cost=$+2.38 per10k=$9.49 inv=$0 clip=$50
08-29 20:28:05 STAT vol=$2,614 cost=$+2.48 per10k=$9.49 inv=$0 clip=$50
08-29 20:29:05 STAT vol=$2,614 cost=$+2.48 per10k=$9.49 inv=$0 clip=$50
08-29 20:30:06 STAT vol=$2,614 cost=$+2.48 per10k=$9.49 inv=$0 clip=$50
08-29 20:31:07 STAT vol=$2,614 cost=$+2.48 per10k=$9.49 inv=$0 clip=$50
08-29 20:32:07 STAT vol=$2,614 cost=$+2.48 per10k=$9.49 inv=$0 clip=$50
08-29 20:33:09 STAT vol=$2,614 cost=$+2.48 per10k=$9.49 inv=$0 clip=$50
08-29 20:34:09 STAT vol=$2,614 cost=$+2.48 per10k=$9.49 inv=$0 clip=$50
08-29 20:35:10 STAT vol=$2,705 cost=$+2.56 per10k=$9.46 inv=$70 clip=$50
08-29 20:36:12 STAT vol=$2,775 cost=$+2.65 per10k=$9.57 inv=$0 clip=$50
08-29 20:37:12 STAT vol=$2,805 cost=$+2.68 per10k=$9.55 inv=$31 clip=$50
08-29 20:38:14 STAT vol=$2,805 cost=$+2.67 per10k=$9.50 inv=$31 clip=$50
08-29 20:39:14 STAT vol=$2,812 cost=$+2.68 per10k=$9.54 inv=$38 clip=$50
08-29 20:40:15 STAT vol=$2,824 cost=$+2.69 per10k=$9.54 inv=$50 clip=$50
08-29 20:41:16 STAT vol=$2,924 cost=$+2.79 per10k=$9.54 inv=$0 clip=$50
08-29 20:42:16 STAT vol=$2,924 cost=$+2.79 per10k=$9.54 inv=$0 clip=$50
08-29 20:43:17 STAT vol=$3,033 cost=$+2.87 per10k=$9.47 inv=$10 clip=$50
08-29 20:44:17 STAT vol=$3,173 cost=$+2.99 per10k=$9.44 inv=$50 clip=$50
08-29 20:45:18 STAT vol=$3,223 cost=$+3.07 per10k=$9.54 inv=$0 clip=$50
08-29 20:46:18 STAT vol=$3,298 cost=$+3.13 per10k=$9.51 inv=$75 clip=$50
08-29 20:47:20 STAT vol=$3,372 cost=$+3.21 per10k=$9.51 inv=$1 clip=$50
08-29 20:48:21 STAT vol=$3,372 cost=$+3.20 per10k=$9.50 inv=$1 clip=$50
08-29 20:49:22 STAT vol=$3,372 cost=$+3.20 per10k=$9.50 inv=$1 clip=$50
08-29 20:50:23 STAT vol=$3,422 cost=$+3.27 per10k=$9.55 inv=$50 clip=$50
08-29 20:51:24 STAT vol=$3,472 cost=$+3.33 per10k=$9.60 inv=$0 clip=$50
08-29 20:52:26 STAT vol=$3,672 cost=$+3.52 per10k=$9.59 inv=$0 clip=$50
08-29 20:53:26 STAT vol=$3,693 cost=$+3.54 per10k=$9.59 inv=$21 clip=$50
08-29 20:54:28 STAT vol=$3,714 cost=$+3.55 per10k=$9.56 inv=$0 clip=$50
08-29 20:55:29 STAT vol=$3,714 cost=$+3.55 per10k=$9.56 inv=$0 clip=$50
08-29 20:56:31 STAT vol=$3,764 cost=$+3.62 per10k=$9.61 inv=$49 clip=$50
08-29 20:57:32 STAT vol=$3,864 cost=$+3.77 per10k=$9.75 inv=$1 clip=$50
08-29 20:58:34 STAT vol=$3,864 cost=$+3.77 per10k=$9.75 inv=$1 clip=$50
08-29 20:59:35 STAT vol=$3,913 cost=$+3.80 per10k=$9.72 inv=$50 clip=$50
08-29 21:00:37 STAT vol=$3,913 cost=$+3.80 per10k=$9.72 inv=$50 clip=$50
08-29 21:01:39 STAT vol=$3,913 cost=$+3.75 per10k=$9.58 inv=$50 clip=$50
08-29 21:02:40 STAT vol=$4,013 cost=$+3.92 per10k=$9.78 inv=$0 clip=$50
08-29 21:03:41 STAT vol=$4,059 cost=$+3.95 per10k=$9.72 inv=$46 clip=$50
08-29 21:04:41 STAT vol=$4,063 cost=$+3.97 per10k=$9.78 inv=$50 clip=$50
08-29 21:05:43 STAT vol=$4,114 cost=$+4.02 per10k=$9.76 inv=$0 clip=$50
08-29 21:06:44 STAT vol=$4,114 cost=$+4.02 per10k=$9.76 inv=$0 clip=$50
08-29 21:07:45 STAT vol=$4,114 cost=$+4.02 per10k=$9.76 inv=$0 clip=$50
08-29 21:08:47 STAT vol=$4,114 cost=$+4.02 per10k=$9.76 inv=$0 clip=$50
08-29 21:09:48 STAT vol=$4,114 cost=$+4.02 per10k=$9.76 inv=$0 clip=$50
08-29 21:10:26 START prefix=REF29211026 clip=$300/$50 band=$300
08-29 21:10:29 STAT vol=$0 cost=$+0.00 per10k=$0.00 inv=$0 clip=$50
08-29 21:11:30 STAT vol=$0 cost=$+0.00 per10k=$0.00 inv=$0 clip=$50
08-29 21:12:31 STAT vol=$0 cost=$+0.00 per10k=$0.00 inv=$0 clip=$50
08-29 21:13:32 STAT vol=$99 cost=$+0.10 per10k=$9.70 inv=$1 clip=$50
08-29 21:14:33 STAT vol=$99 cost=$+0.10 per10k=$9.70 inv=$1 clip=$50
08-29 21:15:33 STAT vol=$199 cost=$+0.18 per10k=$9.23 inv=$1 clip=$50
08-29 21:16:34 STAT vol=$199 cost=$+0.18 per10k=$9.23 inv=$1 clip=$50
08-29 21:17:36 STAT vol=$299 cost=$+0.31 per10k=$10.27 inv=$1 clip=$50
08-29 21:18:38 STAT vol=$299 cost=$+0.31 per10k=$10.25 inv=$1 clip=$50
08-29 21:19:39 STAT vol=$349 cost=$+0.35 per10k=$10.07 inv=$50 clip=$50
08-29 21:20:39 STAT vol=$408 cost=$+0.38 per10k=$9.24 inv=$10 clip=$50
08-29 21:21:40 STAT vol=$468 cost=$+0.43 per10k=$9.24 inv=$50 clip=$50
08-29 21:22:42 STAT vol=$667 cost=$+0.63 per10k=$9.52 inv=$50 clip=$50
08-29 21:23:43 STAT vol=$988 cost=$+0.84 per10k=$8.50 inv=$272 clip=$50
08-29 21:24:44 STAT vol=$1,255 cost=$+1.08 per10k=$8.62 inv=$5 clip=$50
08-29 21:25:45 STAT vol=$1,360 cost=$+1.18 per10k=$8.66 inv=$1 clip=$50
08-29 21:26:45 STAT vol=$1,360 cost=$+1.18 per10k=$8.66 inv=$1 clip=$50
08-29 21:27:47 STAT vol=$1,360 cost=$+1.18 per10k=$8.66 inv=$1 clip=$50
08-29 21:28:48 STAT vol=$1,360 cost=$+1.18 per10k=$8.66 inv=$1 clip=$50
08-29 21:29:49 STAT vol=$1,559 cost=$+1.39 per10k=$8.91 inv=$1 clip=$50
08-29 21:30:50 STAT vol=$1,659 cost=$+1.47 per10k=$8.88 inv=$1 clip=$50
08-29 21:31:52 STAT vol=$1,748 cost=$+1.55 per10k=$8.85 inv=$12 clip=$50
08-29 21:32:53 STAT vol=$1,907 cost=$+1.62 per10k=$8.48 inv=$52 clip=$50
08-29 21:33:54 STAT vol=$2,009 cost=$+1.76 per10k=$8.77 inv=$50 clip=$50
08-29 21:34:56 STAT vol=$2,142 cost=$+1.90 per10k=$8.85 inv=$0 clip=$50
08-29 21:35:57 STAT vol=$2,241 cost=$+2.00 per10k=$8.95 inv=$1 clip=$50
08-29 21:36:58 STAT vol=$2,241 cost=$+2.00 per10k=$8.95 inv=$1 clip=$50
08-29 21:38:00 STAT vol=$2,291 cost=$+2.05 per10k=$8.94 inv=$50 clip=$50
08-29 21:39:00 STAT vol=$2,333 cost=$+2.17 per10k=$9.30 inv=$92 clip=$50
08-29 21:40:01 STAT vol=$2,423 cost=$+2.28 per10k=$9.42 inv=$1 clip=$50
08-29 21:41:03 STAT vol=$2,473 cost=$+2.32 per10k=$9.36 inv=$51 clip=$50
08-29 21:42:04 STAT vol=$2,523 cost=$+2.38 per10k=$9.43 inv=$1 clip=$50
08-29 21:43:04 STAT vol=$2,665 cost=$+2.47 per10k=$9.27 inv=$42 clip=$50
08-29 21:44:04 STAT vol=$2,823 cost=$+2.62 per10k=$9.30 inv=$33 clip=$50
08-29 21:45:05 STAT vol=$2,823 cost=$+2.62 per10k=$9.28 inv=$33 clip=$50
08-29 21:46:06 STAT vol=$2,944 cost=$+2.76 per10k=$9.38 inv=$1 clip=$50
08-29 21:47:07 STAT vol=$3,035 cost=$+2.83 per10k=$9.33 inv=$92 clip=$50
08-29 21:48:07 STAT vol=$3,035 cost=$+2.83 per10k=$9.32 inv=$92 clip=$50
08-29 21:49:08 STAT vol=$3,157 cost=$+2.92 per10k=$9.25 inv=$114 clip=$50
08-29 21:50:09 STAT vol=$3,236 cost=$+3.02 per10k=$9.32 inv=$192 clip=$50
08-29 21:51:11 STAT vol=$3,313 cost=$+3.16 per10k=$9.54 inv=$193 clip=$50
08-29 21:52:12 STAT vol=$3,331 cost=$+3.30 per10k=$9.89 inv=$211 clip=$50
08-29 21:53:13 STAT vol=$3,568 cost=$+3.54 per10k=$9.92 inv=$4 clip=$50
08-29 21:54:13 STAT vol=$3,568 cost=$+3.54 per10k=$9.92 inv=$4 clip=$50
08-29 21:55:15 STAT vol=$3,617 cost=$+3.58 per10k=$9.90 inv=$53 clip=$50
08-29 21:56:16 STAT vol=$3,658 cost=$+3.63 per10k=$9.92 inv=$94 clip=$50
08-29 21:57:17 STAT vol=$3,801 cost=$+3.76 per10k=$9.90 inv=$51 clip=$50
08-29 21:58:18 STAT vol=$3,817 cost=$+3.75 per10k=$9.82 inv=$58 clip=$50
08-29 21:59:20 STAT vol=$3,874 cost=$+3.81 per10k=$9.83 inv=$1 clip=$50
08-29 22:00:20 STAT vol=$3,974 cost=$+3.91 per10k=$9.84 inv=$1 clip=$50
08-29 22:01:21 STAT vol=$4,223 cost=$+4.08 per10k=$9.65 inv=$50 clip=$50
08-29 22:02:22 STAT vol=$4,285 cost=$+4.12 per10k=$9.61 inv=$77 clip=$50
08-29 22:03:23 STAT vol=$4,361 cost=$+4.27 per10k=$9.79 inv=$1 clip=$50
08-29 22:04:23 STAT vol=$4,361 cost=$+4.27 per10k=$9.78 inv=$1 clip=$50
08-29 22:05:25 STAT vol=$4,516 cost=$+4.43 per10k=$9.81 inv=$156 clip=$50
08-29 22:06:26 STAT vol=$4,669 cost=$+4.75 per10k=$10.17 inv=$3 clip=$50
08-29 22:07:27 STAT vol=$4,669 cost=$+4.75 per10k=$10.17 inv=$3 clip=$50
08-29 22:08:28 STAT vol=$4,669 cost=$+4.75 per10k=$10.17 inv=$3 clip=$50
08-29 22:09:29 STAT vol=$4,669 cost=$+4.75 per10k=$10.17 inv=$3 clip=$50
08-29 22:10:31 STAT vol=$4,760 cost=$+4.89 per10k=$10.28 inv=$93 clip=$50
08-29 22:11:32 STAT vol=$4,852 cost=$+4.98 per10k=$10.27 inv=$1 clip=$50
08-29 22:12:34 STAT vol=$4,882 cost=$+5.00 per10k=$10.24 inv=$31 clip=$50
08-29 22:13:34 STAT vol=$4,964 cost=$+5.05 per10k=$10.17 inv=$113 clip=$50
08-29 22:14:35 STAT vol=$5,075 cost=$+5.26 per10k=$10.36 inv=$2 clip=$50
08-29 22:15:37 STAT vol=$5,113 cost=$+5.27 per10k=$10.32 inv=$40 clip=$50
08-29 22:16:38 STAT vol=$5,203 cost=$+5.34 per10k=$10.27 inv=$50 clip=$50
08-29 22:17:39 STAT vol=$5,321 cost=$+5.53 per10k=$10.40 inv=$1 clip=$50
08-29 22:18:40 STAT vol=$5,321 cost=$+5.53 per10k=$10.40 inv=$1 clip=$50
08-29 22:19:40 STAT vol=$5,321 cost=$+5.53 per10k=$10.40 inv=$1 clip=$50
08-29 22:20:41 STAT vol=$5,421 cost=$+5.62 per10k=$10.37 inv=$1 clip=$50
08-29 22:21:42 STAT vol=$5,521 cost=$+5.72 per10k=$10.37 inv=$0 clip=$50
08-29 22:22:43 STAT vol=$5,594 cost=$+5.78 per10k=$10.33 inv=$13 clip=$50
08-29 22:23:44 STAT vol=$5,607 cost=$+5.79 per10k=$10.33 inv=$0 clip=$50
08-29 22:24:45 STAT vol=$5,607 cost=$+5.79 per10k=$10.33 inv=$0 clip=$50
08-29 22:25:46 STAT vol=$5,607 cost=$+5.79 per10k=$10.33 inv=$0 clip=$50
08-29 22:26:48 STAT vol=$5,607 cost=$+5.79 per10k=$10.33 inv=$0 clip=$50
08-29 22:27:49 STAT vol=$5,657 cost=$+5.81 per10k=$10.27 inv=$50 clip=$50
08-29 22:28:51 STAT vol=$6,164 cost=$+6.29 per10k=$10.20 inv=$1 clip=$50
08-29 22:29:52 STAT vol=$6,213 cost=$+6.34 per10k=$10.21 inv=$50 clip=$50
08-29 22:30:54 STAT vol=$6,255 cost=$+6.43 per10k=$10.28 inv=$92 clip=$50
08-29 22:31:54 STAT vol=$6,409 cost=$+6.59 per10k=$10.27 inv=$1 clip=$50
08-29 22:32:56 STAT vol=$6,509 cost=$+6.71 per10k=$10.30 inv=$1 clip=$50
08-29 22:33:57 STAT vol=$6,708 cost=$+6.88 per10k=$10.26 inv=$2 clip=$50
08-29 22:34:59 STAT vol=$6,948 cost=$+7.10 per10k=$10.22 inv=$1 clip=$50
08-29 22:36:00 STAT vol=$6,998 cost=$+7.13 per10k=$10.18 inv=$51 clip=$50
08-29 22:37:02 STAT vol=$7,048 cost=$+7.17 per10k=$10.18 inv=$1 clip=$50
08-29 22:38:03 STAT vol=$7,048 cost=$+7.17 per10k=$10.18 inv=$1 clip=$50
08-29 22:39:03 STAT vol=$7,048 cost=$+7.17 per10k=$10.18 inv=$1 clip=$50
08-29 22:40:03 STAT vol=$7,048 cost=$+7.17 per10k=$10.18 inv=$1 clip=$50
08-29 22:41:05 STAT vol=$7,048 cost=$+7.17 per10k=$10.18 inv=$1 clip=$50
08-29 22:42:06 STAT vol=$7,118 cost=$+7.22 per10k=$10.15 inv=$31 clip=$50
08-29 22:43:06 STAT vol=$7,148 cost=$+7.27 per10k=$10.17 inv=$0 clip=$50
08-29 22:44:07 STAT vol=$7,203 cost=$+7.31 per10k=$10.14 inv=$55 clip=$50
08-29 22:45:07 STAT vol=$7,257 cost=$+7.33 per10k=$10.10 inv=$1 clip=$50
08-29 22:46:08 STAT vol=$7,257 cost=$+7.33 per10k=$10.11 inv=$1 clip=$50
08-29 22:47:08 STAT vol=$7,257 cost=$+7.33 per10k=$10.10 inv=$1 clip=$50
08-29 22:48:10 STAT vol=$7,257 cost=$+7.33 per10k=$10.10 inv=$1 clip=$50
08-29 22:49:11 STAT vol=$7,456 cost=$+7.62 per10k=$10.22 inv=$2 clip=$50
08-29 22:50:12 STAT vol=$7,556 cost=$+7.72 per10k=$10.21 inv=$1 clip=$50
08-29 22:51:13 STAT vol=$7,556 cost=$+7.72 per10k=$10.21 inv=$1 clip=$50
08-29 22:52:14 STAT vol=$7,656 cost=$+7.82 per10k=$10.21 inv=$1 clip=$50
08-29 22:53:16 STAT vol=$8,011 cost=$+8.25 per10k=$10.29 inv=$3 clip=$50
08-29 22:54:16 STAT vol=$8,107 cost=$+8.36 per10k=$10.31 inv=$6 clip=$50
08-29 22:55:17 STAT vol=$8,114 cost=$+8.37 per10k=$10.31 inv=$0 clip=$50
08-29 22:56:18 STAT vol=$8,213 cost=$+8.45 per10k=$10.28 inv=$1 clip=$50
08-29 22:57:19 STAT vol=$8,312 cost=$+8.56 per10k=$10.30 inv=$1 clip=$50
08-29 22:58:20 STAT vol=$8,312 cost=$+8.56 per10k=$10.30 inv=$1 clip=$50
08-29 22:59:21 STAT vol=$8,412 cost=$+8.67 per10k=$10.31 inv=$1 clip=$50
08-29 23:00:22 STAT vol=$8,412 cost=$+8.67 per10k=$10.31 inv=$1 clip=$50
08-29 23:01:23 STAT vol=$8,512 cost=$+8.77 per10k=$10.30 inv=$100 clip=$50
08-29 23:02:25 STAT vol=$8,732 cost=$+9.25 per10k=$10.60 inv=$2 clip=$50
08-29 23:03:25 STAT vol=$8,732 cost=$+9.25 per10k=$10.60 inv=$2 clip=$50
08-29 23:04:25 STAT vol=$8,833 cost=$+9.33 per10k=$10.56 inv=$1 clip=$50
08-29 23:05:26 STAT vol=$8,833 cost=$+9.33 per10k=$10.56 inv=$1 clip=$50
08-29 23:06:28 STAT vol=$8,932 cost=$+9.45 per10k=$10.58 inv=$1 clip=$50
08-29 23:07:29 STAT vol=$9,032 cost=$+9.53 per10k=$10.55 inv=$1 clip=$50
08-29 23:08:31 STAT vol=$9,132 cost=$+9.64 per10k=$10.55 inv=$1 clip=$50
08-29 23:09:31 STAT vol=$9,365 cost=$+9.83 per10k=$10.49 inv=$50 clip=$50
08-29 23:10:32 STAT vol=$9,415 cost=$+9.90 per10k=$10.51 inv=$1 clip=$50
08-29 23:11:32 STAT vol=$9,415 cost=$+9.90 per10k=$10.51 inv=$1 clip=$50
08-29 23:12:32 STAT vol=$9,415 cost=$+9.90 per10k=$10.51 inv=$1 clip=$50
08-29 23:13:34 STAT vol=$9,436 cost=$+9.91 per10k=$10.51 inv=$0 clip=$50
08-29 23:14:34 STAT vol=$9,436 cost=$+9.91 per10k=$10.51 inv=$0 clip=$50
08-29 23:15:35 STAT vol=$9,436 cost=$+9.91 per10k=$10.51 inv=$0 clip=$50
08-29 23:16:36 STAT vol=$9,436 cost=$+9.91 per10k=$10.51 inv=$0 clip=$50
08-29 23:17:37 STAT vol=$9,436 cost=$+9.91 per10k=$10.51 inv=$0 clip=$50
08-29 23:18:38 STAT vol=$9,535 cost=$+10.02 per10k=$10.51 inv=$1 clip=$50
08-29 23:19:39 STAT vol=$9,535 cost=$+10.02 per10k=$10.51 inv=$1 clip=$50
08-29 23:20:42 STAT vol=$9,535 cost=$+10.02 per10k=$10.50 inv=$1 clip=$50
08-29 23:21:43 STAT vol=$9,535 cost=$+10.02 per10k=$10.50 inv=$1 clip=$50
08-29 23:22:44 STAT vol=$9,849 cost=$+10.30 per10k=$10.46 inv=$95 clip=$50
08-29 23:23:45 STAT vol=$10,044 cost=$+10.41 per10k=$10.36 inv=$1 clip=$50
08-29 23:24:46 STAT vol=$10,044 cost=$+10.41 per10k=$10.36 inv=$1 clip=$50
08-29 23:25:46 STAT vol=$10,193 cost=$+10.55 per10k=$10.35 inv=$50 clip=$50
08-29 23:26:46 STAT vol=$10,375 cost=$+10.77 per10k=$10.38 inv=$51 clip=$50
08-29 23:27:46 STAT vol=$10,526 cost=$+10.90 per10k=$10.35 inv=$0 clip=$50
08-29 23:28:47 STAT vol=$10,751 cost=$+11.19 per10k=$10.41 inv=$127 clip=$50
08-29 23:29:48 STAT vol=$10,977 cost=$+11.42 per10k=$10.40 inv=$1 clip=$50
08-29 23:30:50 STAT vol=$11,059 cost=$+11.54 per10k=$10.44 inv=$0 clip=$50
08-29 23:31:51 STAT vol=$11,109 cost=$+11.58 per10k=$10.42 inv=$50 clip=$50
08-29 23:32:53 STAT vol=$11,159 cost=$+11.66 per10k=$10.45 inv=$1 clip=$50
08-29 23:33:54 STAT vol=$11,159 cost=$+11.66 per10k=$10.45 inv=$1 clip=$50
08-29 23:34:57 STAT vol=$11,159 cost=$+11.66 per10k=$10.45 inv=$1 clip=$50
08-29 23:35:58 STAT vol=$11,159 cost=$+11.66 per10k=$10.45 inv=$1 clip=$50
08-29 23:36:59 STAT vol=$11,159 cost=$+11.66 per10k=$10.45 inv=$1 clip=$50
08-29 23:38:09 STAT vol=$11,159 cost=$+11.66 per10k=$10.45 inv=$1 clip=$50
08-29 23:39:14 STAT vol=$11,159 cost=$+11.66 per10k=$10.45 inv=$1 clip=$50
08-29 23:40:15 STAT vol=$11,358 cost=$+11.89 per10k=$10.47 inv=$2 clip=$50
08-29 23:41:17 STAT vol=$11,358 cost=$+11.89 per10k=$10.47 inv=$2 clip=$50
08-29 23:42:21 STAT vol=$11,458 cost=$+11.99 per10k=$10.46 inv=$1 clip=$50
08-29 23:43:26 STAT vol=$11,513 cost=$+12.03 per10k=$10.45 inv=$0 clip=$50
08-29 23:44:27 STAT vol=$11,513 cost=$+12.03 per10k=$10.45 inv=$0 clip=$50
08-29 23:45:29 STAT vol=$11,613 cost=$+12.11 per10k=$10.43 inv=$1 clip=$50
08-29 23:46:34 STAT vol=$11,713 cost=$+12.24 per10k=$10.45 inv=$1 clip=$50
08-29 23:47:35 STAT vol=$11,812 cost=$+12.31 per10k=$10.42 inv=$1 clip=$50
08-29 23:48:36 STAT vol=$11,812 cost=$+12.31 per10k=$10.42 inv=$1 clip=$50
08-29 23:49:37 STAT vol=$11,912 cost=$+12.43 per10k=$10.43 inv=$1 clip=$50
08-29 23:50:37 STAT vol=$11,912 cost=$+12.43 per10k=$10.43 inv=$1 clip=$50
08-29 23:51:39 STAT vol=$11,912 cost=$+12.43 per10k=$10.43 inv=$1 clip=$50
08-29 23:52:40 STAT vol=$11,912 cost=$+12.43 per10k=$10.43 inv=$1 clip=$50
08-29 23:53:40 STAT vol=$11,912 cost=$+12.43 per10k=$10.43 inv=$1 clip=$50
08-29 23:54:40 STAT vol=$11,962 cost=$+12.46 per10k=$10.42 inv=$50 clip=$50
08-29 23:55:41 STAT vol=$12,311 cost=$+12.75 per10k=$10.36 inv=$100 clip=$50
08-29 23:56:42 STAT vol=$12,628 cost=$+13.02 per10k=$10.31 inv=$50 clip=$50
08-29 23:57:43 STAT vol=$12,760 cost=$+13.22 per10k=$10.36 inv=$86 clip=$50
08-29 23:58:44 STAT vol=$13,076 cost=$+13.55 per10k=$10.36 inv=$50 clip=$50
08-29 23:59:45 STAT vol=$13,127 cost=$+13.60 per10k=$10.36 inv=$0 clip=$50
08-30 00:00:46 STAT vol=$13,197 cost=$+13.68 per10k=$10.37 inv=$0 clip=$50
08-30 00:01:46 STAT vol=$13,282 cost=$+13.75 per10k=$10.36 inv=$1 clip=$50
08-30 00:02:47 STAT vol=$13,396 cost=$+13.86 per10k=$10.34 inv=$1 clip=$50
08-30 00:03:48 STAT vol=$13,446 cost=$+13.91 per10k=$10.34 inv=$50 clip=$50
08-30 00:04:50 STAT vol=$13,546 cost=$+13.99 per10k=$10.33 inv=$50 clip=$50
08-30 00:05:51 STAT vol=$13,779 cost=$+14.21 per10k=$10.32 inv=$1 clip=$50
08-30 00:06:53 STAT vol=$13,878 cost=$+14.28 per10k=$10.29 inv=$1 clip=$50
08-30 00:07:54 STAT vol=$13,979 cost=$+14.32 per10k=$10.24 inv=$0 clip=$50
08-30 00:08:55 STAT vol=$13,979 cost=$+14.32 per10k=$10.24 inv=$0 clip=$50
08-30 00:09:56 STAT vol=$13,979 cost=$+14.32 per10k=$10.24 inv=$0 clip=$50
08-30 00:10:56 STAT vol=$13,979 cost=$+14.32 per10k=$10.24 inv=$0 clip=$50
08-30 00:11:57 STAT vol=$13,979 cost=$+14.32 per10k=$10.24 inv=$0 clip=$50
08-30 00:12:58 STAT vol=$13,979 cost=$+14.32 per10k=$10.24 inv=$0 clip=$50
08-30 00:13:59 STAT vol=$14,178 cost=$+14.51 per10k=$10.23 inv=$1 clip=$50
08-30 00:15:00 STAT vol=$14,178 cost=$+14.51 per10k=$10.23 inv=$1 clip=$50
08-30 00:16:02 STAT vol=$14,178 cost=$+14.51 per10k=$10.23 inv=$1 clip=$50
08-30 00:17:02 STAT vol=$14,178 cost=$+14.51 per10k=$10.23 inv=$1 clip=$50
08-30 00:18:02 STAT vol=$14,360 cost=$+14.76 per10k=$10.28 inv=$1 clip=$50
08-30 00:19:02 STAT vol=$14,385 cost=$+14.78 per10k=$10.28 inv=$0 clip=$50
08-30 00:20:04 STAT vol=$14,385 cost=$+14.78 per10k=$10.28 inv=$0 clip=$50
08-30 00:21:05 STAT vol=$14,385 cost=$+14.78 per10k=$10.28 inv=$0 clip=$50
08-30 00:22:07 STAT vol=$14,484 cost=$+14.91 per10k=$10.29 inv=$1 clip=$50
08-30 00:23:07 STAT vol=$14,484 cost=$+14.91 per10k=$10.29 inv=$1 clip=$50
08-30 00:24:08 STAT vol=$14,484 cost=$+14.91 per10k=$10.29 inv=$1 clip=$50
08-30 00:25:09 STAT vol=$14,484 cost=$+14.90 per10k=$10.29 inv=$1 clip=$50
08-30 00:26:09 STAT vol=$14,484 cost=$+14.90 per10k=$10.29 inv=$1 clip=$50
08-30 00:27:09 STAT vol=$14,484 cost=$+14.90 per10k=$10.29 inv=$1 clip=$50
08-30 00:28:10 STAT vol=$14,583 cost=$+15.06 per10k=$10.33 inv=$1 clip=$50
08-30 00:29:11 STAT vol=$14,583 cost=$+15.06 per10k=$10.33 inv=$1 clip=$50
08-30 00:30:12 STAT vol=$14,683 cost=$+15.14 per10k=$10.31 inv=$1 clip=$50
08-30 00:31:13 STAT vol=$14,783 cost=$+15.24 per10k=$10.31 inv=$1 clip=$50
08-30 00:32:14 STAT vol=$15,133 cost=$+15.80 per10k=$10.44 inv=$50 clip=$50
08-30 00:33:15 STAT vol=$15,331 cost=$+16.04 per10k=$10.46 inv=$50 clip=$50
08-30 00:34:16 STAT vol=$15,780 cost=$+16.53 per10k=$10.47 inv=$300 clip=$300
08-30 00:35:17 STAT vol=$16,075 cost=$+16.85 per10k=$10.48 inv=$5 clip=$300
08-30 00:36:19 STAT vol=$16,670 cost=$+17.56 per10k=$10.54 inv=$0 clip=$300
08-30 00:37:20 STAT vol=$16,670 cost=$+17.56 per10k=$10.54 inv=$0 clip=$50
08-30 00:38:20 STAT vol=$16,769 cost=$+17.67 per10k=$10.54 inv=$1 clip=$50
08-30 00:39:22 STAT vol=$16,769 cost=$+17.67 per10k=$10.53 inv=$1 clip=$50
08-30 00:40:23 STAT vol=$16,769 cost=$+17.67 per10k=$10.53 inv=$1 clip=$50
08-30 00:41:24 STAT vol=$16,769 cost=$+17.67 per10k=$10.54 inv=$1 clip=$50
08-30 00:42:25 STAT vol=$16,769 cost=$+17.67 per10k=$10.53 inv=$1 clip=$50
08-30 00:43:27 STAT vol=$16,861 cost=$+17.74 per10k=$10.52 inv=$92 clip=$50
08-30 00:44:27 STAT vol=$16,861 cost=$+17.82 per10k=$10.57 inv=$92 clip=$50
08-30 00:45:28 STAT vol=$16,861 cost=$+17.78 per10k=$10.54 inv=$92 clip=$50
08-30 00:46:30 STAT vol=$17,051 cost=$+17.98 per10k=$10.55 inv=$1 clip=$50
08-30 00:47:31 STAT vol=$17,051 cost=$+17.98 per10k=$10.55 inv=$1 clip=$50
08-30 00:48:32 STAT vol=$17,051 cost=$+17.98 per10k=$10.55 inv=$1 clip=$50
08-30 00:49:33 STAT vol=$17,051 cost=$+17.98 per10k=$10.55 inv=$1 clip=$50
08-30 00:50:34 STAT vol=$17,051 cost=$+17.98 per10k=$10.55 inv=$1 clip=$50
08-30 00:51:36 STAT vol=$17,201 cost=$+18.13 per10k=$10.54 inv=$50 clip=$50
08-30 00:52:36 STAT vol=$17,502 cost=$+18.47 per10k=$10.55 inv=$1 clip=$50
08-30 00:53:38 STAT vol=$17,502 cost=$+18.47 per10k=$10.55 inv=$1 clip=$50
08-30 00:54:39 STAT vol=$17,502 cost=$+18.47 per10k=$10.55 inv=$1 clip=$50
08-30 00:55:40 STAT vol=$17,602 cost=$+18.54 per10k=$10.54 inv=$1 clip=$50
08-30 00:56:42 STAT vol=$17,602 cost=$+18.54 per10k=$10.54 inv=$1 clip=$50
08-30 00:57:42 STAT vol=$17,784 cost=$+18.73 per10k=$10.53 inv=$1 clip=$50
08-30 00:58:43 STAT vol=$17,784 cost=$+18.73 per10k=$10.53 inv=$1 clip=$50
08-30 00:59:44 STAT vol=$17,784 cost=$+18.73 per10k=$10.53 inv=$1 clip=$50
08-30 01:00:45 STAT vol=$17,834 cost=$+18.77 per10k=$10.52 inv=$51 clip=$50
08-30 01:01:45 STAT vol=$17,884 cost=$+18.82 per10k=$10.53 inv=$1 clip=$50
08-30 01:02:46 STAT vol=$17,984 cost=$+18.91 per10k=$10.51 inv=$1 clip=$50
08-30 01:03:47 STAT vol=$17,984 cost=$+18.91 per10k=$10.51 inv=$1 clip=$50
08-30 01:04:49 STAT vol=$18,084 cost=$+19.00 per10k=$10.51 inv=$1 clip=$50
08-30 01:05:50 STAT vol=$18,084 cost=$+19.00 per10k=$10.51 inv=$1 clip=$50
08-30 01:06:50 STAT vol=$18,184 cost=$+19.10 per10k=$10.50 inv=$1 clip=$50
08-30 01:07:52 STAT vol=$18,284 cost=$+19.17 per10k=$10.49 inv=$1 clip=$50
08-30 01:08:52 STAT vol=$18,383 cost=$+19.26 per10k=$10.48 inv=$1 clip=$50
08-30 01:09:53 STAT vol=$18,383 cost=$+19.26 per10k=$10.48 inv=$1 clip=$50
08-30 01:10:53 STAT vol=$18,483 cost=$+19.35 per10k=$10.47 inv=$1 clip=$50
08-30 01:11:53 STAT vol=$18,483 cost=$+19.35 per10k=$10.47 inv=$1 clip=$50
08-30 01:12:55 STAT vol=$18,483 cost=$+19.35 per10k=$10.47 inv=$1 clip=$50
08-30 01:13:56 STAT vol=$18,483 cost=$+19.35 per10k=$10.47 inv=$1 clip=$50
08-30 01:14:58 STAT vol=$18,483 cost=$+19.35 per10k=$10.47 inv=$1 clip=$50
08-30 01:15:58 STAT vol=$18,483 cost=$+19.35 per10k=$10.47 inv=$1 clip=$50
08-30 01:16:59 STAT vol=$18,533 cost=$+19.38 per10k=$10.46 inv=$50 clip=$50
08-30 01:18:00 STAT vol=$18,683 cost=$+19.53 per10k=$10.45 inv=$1 clip=$50
08-30 01:19:01 STAT vol=$18,782 cost=$+19.65 per10k=$10.46 inv=$1 clip=$50
08-30 01:20:01 STAT vol=$18,782 cost=$+19.65 per10k=$10.46 inv=$1 clip=$50
08-30 01:21:03 STAT vol=$18,964 cost=$+19.89 per10k=$10.49 inv=$1 clip=$50
08-30 01:22:03 STAT vol=$18,964 cost=$+19.90 per10k=$10.49 inv=$1 clip=$50
08-30 01:23:03 STAT vol=$19,068 cost=$+20.02 per10k=$10.50 inv=$1 clip=$50
08-30 01:24:04 STAT vol=$19,068 cost=$+20.02 per10k=$10.50 inv=$1 clip=$50
08-30 01:25:05 STAT vol=$19,168 cost=$+20.12 per10k=$10.50 inv=$1 clip=$50
08-30 01:26:07 STAT vol=$19,259 cost=$+20.24 per10k=$10.51 inv=$92 clip=$50
08-30 01:27:08 STAT vol=$19,420 cost=$+20.43 per10k=$10.52 inv=$0 clip=$50
08-30 01:28:08 STAT vol=$19,420 cost=$+20.43 per10k=$10.52 inv=$0 clip=$50
08-30 01:29:09 STAT vol=$19,420 cost=$+20.43 per10k=$10.52 inv=$0 clip=$50
08-30 01:30:10 STAT vol=$19,570 cost=$+20.56 per10k=$10.50 inv=$50 clip=$50
08-30 01:31:11 STAT vol=$19,570 cost=$+20.54 per10k=$10.49 inv=$50 clip=$50
08-30 01:32:12 STAT vol=$19,620 cost=$+20.59 per10k=$10.49 inv=$1 clip=$50
08-30 01:33:13 STAT vol=$19,677 cost=$+20.64 per10k=$10.49 inv=$43 clip=$50
08-30 01:34:13 STAT vol=$19,720 cost=$+20.66 per10k=$10.48 inv=$0 clip=$50
08-30 01:35:14 STAT vol=$19,819 cost=$+20.81 per10k=$10.50 inv=$1 clip=$50
08-30 01:36:16 STAT vol=$19,869 cost=$+20.85 per10k=$10.49 inv=$50 clip=$50
08-30 01:37:17 STAT vol=$19,919 cost=$+20.91 per10k=$10.50 inv=$1 clip=$50
08-30 01:38:18 STAT vol=$19,919 cost=$+20.91 per10k=$10.50 inv=$1 clip=$50
08-30 01:39:19 STAT vol=$19,946 cost=$+20.93 per10k=$10.49 inv=$27 clip=$50
08-30 01:40:20 STAT vol=$19,946 cost=$+20.93 per10k=$10.49 inv=$27 clip=$50
08-30 01:41:20 STAT vol=$19,969 cost=$+20.93 per10k=$10.48 inv=$50 clip=$50
08-30 01:42:20 STAT vol=$19,969 cost=$+20.94 per10k=$10.49 inv=$50 clip=$50
08-30 01:43:21 STAT vol=$19,985 cost=$+20.96 per10k=$10.49 inv=$34 clip=$50
08-30 01:44:22 STAT vol=$20,101 cost=$+21.11 per10k=$10.50 inv=$1 clip=$50
08-30 01:45:23 STAT vol=$20,201 cost=$+21.22 per10k=$10.51 inv=$1 clip=$50
08-30 01:46:24 STAT vol=$20,251 cost=$+21.27 per10k=$10.50 inv=$50 clip=$50
08-30 01:47:25 STAT vol=$20,401 cost=$+21.43 per10k=$10.50 inv=$1 clip=$50
08-30 01:48:25 STAT vol=$20,473 cost=$+21.45 per10k=$10.48 inv=$48 clip=$50
08-30 01:49:26 STAT vol=$20,620 cost=$+21.62 per10k=$10.49 inv=$1 clip=$50
08-30 01:50:28 STAT vol=$20,719 cost=$+21.72 per10k=$10.48 inv=$1 clip=$50
08-30 01:51:29 STAT vol=$20,769 cost=$+21.76 per10k=$10.48 inv=$50 clip=$50
08-30 01:52:29 STAT vol=$20,819 cost=$+21.80 per10k=$10.47 inv=$1 clip=$50
08-30 01:53:29 STAT vol=$20,819 cost=$+21.80 per10k=$10.47 inv=$1 clip=$50
08-30 01:54:30 STAT vol=$20,919 cost=$+21.89 per10k=$10.46 inv=$1 clip=$50
08-30 01:55:30 STAT vol=$20,919 cost=$+21.88 per10k=$10.46 inv=$1 clip=$50
08-30 01:56:31 STAT vol=$20,969 cost=$+21.95 per10k=$10.47 inv=$50 clip=$50
08-30 01:57:32 STAT vol=$20,976 cost=$+21.96 per10k=$10.47 inv=$58 clip=$50
08-30 01:58:33 STAT vol=$21,045 cost=$+22.01 per10k=$10.46 inv=$127 clip=$50
08-30 01:59:35 STAT vol=$21,229 cost=$+22.25 per10k=$10.48 inv=$0 clip=$50
08-30 02:00:36 STAT vol=$21,229 cost=$+22.25 per10k=$10.48 inv=$0 clip=$50
08-30 02:01:38 STAT vol=$21,279 cost=$+22.27 per10k=$10.47 inv=$50 clip=$50
08-30 02:02:38 STAT vol=$21,411 cost=$+22.42 per10k=$10.47 inv=$1 clip=$50
08-30 02:03:38 STAT vol=$21,661 cost=$+22.63 per10k=$10.45 inv=$50 clip=$50
08-30 02:04:39 STAT vol=$21,816 cost=$+22.73 per10k=$10.42 inv=$106 clip=$50
08-30 02:05:40 STAT vol=$21,917 cost=$+22.99 per10k=$10.49 inv=$206 clip=$50
08-30 02:06:40 STAT vol=$22,270 cost=$+23.46 per10k=$10.54 inv=$51 clip=$50
08-30 02:07:41 STAT vol=$22,320 cost=$+23.49 per10k=$10.52 inv=$1 clip=$50
08-30 02:08:41 STAT vol=$22,370 cost=$+23.46 per10k=$10.49 inv=$51 clip=$50
08-30 02:09:42 STAT vol=$22,420 cost=$+23.51 per10k=$10.49 inv=$1 clip=$50
08-30 02:10:43 STAT vol=$22,620 cost=$+23.63 per10k=$10.45 inv=$1 clip=$50
08-30 02:11:44 STAT vol=$22,919 cost=$+23.98 per10k=$10.46 inv=$300 clip=$300
08-30 02:12:45 STAT vol=$23,214 cost=$+25.17 per10k=$10.84 inv=$4 clip=$300
08-30 02:13:47 STAT vol=$23,214 cost=$+25.17 per10k=$10.84 inv=$4 clip=$300
08-30 02:14:48 STAT vol=$23,510 cost=$+25.58 per10k=$10.88 inv=$300 clip=$300
08-30 02:15:49 STAT vol=$23,810 cost=$+25.99 per10k=$10.91 inv=$0 clip=$50
08-30 02:16:52 STAT vol=$23,810 cost=$+25.99 per10k=$10.91 inv=$0 clip=$50
08-30 02:17:53 STAT vol=$23,810 cost=$+25.99 per10k=$10.91 inv=$0 clip=$50
08-30 02:18:53 STAT vol=$23,810 cost=$+25.99 per10k=$10.91 inv=$0 clip=$50
08-30 02:19:55 STAT vol=$23,810 cost=$+25.99 per10k=$10.91 inv=$0 clip=$50
08-30 02:20:56 STAT vol=$23,860 cost=$+26.02 per10k=$10.90 inv=$50 clip=$50
08-30 02:21:58 STAT vol=$24,239 cost=$+26.59 per10k=$10.97 inv=$4 clip=$50
08-30 02:22:59 STAT vol=$24,343 cost=$+26.67 per10k=$10.95 inv=$50 clip=$50
08-30 02:23:59 STAT vol=$24,552 cost=$+26.85 per10k=$10.94 inv=$260 clip=$50
08-30 02:24:59 STAT vol=$24,565 cost=$+26.85 per10k=$10.93 inv=$272 clip=$50
08-30 02:26:01 STAT vol=$24,936 cost=$+27.27 per10k=$10.94 inv=$1 clip=$50
08-30 02:27:01 STAT vol=$24,986 cost=$+27.30 per10k=$10.92 inv=$50 clip=$50
08-30 02:28:03 STAT vol=$25,286 cost=$+27.56 per10k=$10.90 inv=$2 clip=$50
08-30 02:29:03 STAT vol=$25,286 cost=$+27.56 per10k=$10.90 inv=$2 clip=$50
08-30 02:30:04 STAT vol=$25,387 cost=$+27.63 per10k=$10.88 inv=$1 clip=$50
08-30 02:31:05 STAT vol=$25,686 cost=$+27.96 per10k=$10.88 inv=$1 clip=$50
08-30 02:32:06 STAT vol=$25,868 cost=$+28.16 per10k=$10.89 inv=$1 clip=$50
08-30 02:33:08 STAT vol=$26,051 cost=$+28.35 per10k=$10.88 inv=$1 clip=$50
08-30 02:34:08 STAT vol=$26,051 cost=$+28.34 per10k=$10.88 inv=$1 clip=$50
08-30 02:35:09 STAT vol=$26,051 cost=$+28.34 per10k=$10.88 inv=$1 clip=$50
08-30 02:36:10 STAT vol=$26,051 cost=$+28.34 per10k=$10.88 inv=$1 clip=$50
08-30 02:37:10 STAT vol=$26,051 cost=$+28.34 per10k=$10.88 inv=$1 clip=$50
08-30 02:38:12 STAT vol=$26,051 cost=$+28.35 per10k=$10.88 inv=$1 clip=$50
08-30 02:39:13 STAT vol=$26,051 cost=$+28.34 per10k=$10.88 inv=$1 clip=$50
08-30 02:40:14 STAT vol=$26,251 cost=$+28.58 per10k=$10.89 inv=$1 clip=$50
08-30 02:41:15 STAT vol=$26,450 cost=$+28.77 per10k=$10.88 inv=$1 clip=$50
08-30 02:42:16 STAT vol=$26,450 cost=$+28.77 per10k=$10.88 inv=$1 clip=$50
08-30 02:43:17 STAT vol=$26,450 cost=$+28.77 per10k=$10.88 inv=$1 clip=$50
08-30 02:44:18 STAT vol=$26,518 cost=$+28.89 per10k=$10.90 inv=$0 clip=$50
08-30 02:45:20 STAT vol=$26,618 cost=$+29.00 per10k=$10.90 inv=$1 clip=$50
08-30 02:46:21 STAT vol=$26,718 cost=$+29.13 per10k=$10.90 inv=$1 clip=$50
08-30 02:47:22 STAT vol=$26,718 cost=$+29.13 per10k=$10.90 inv=$1 clip=$50
08-30 02:48:24 STAT vol=$26,718 cost=$+29.13 per10k=$10.90 inv=$1 clip=$50
08-30 02:49:25 STAT vol=$26,768 cost=$+29.16 per10k=$10.89 inv=$50 clip=$50
08-30 02:50:26 STAT vol=$26,768 cost=$+29.16 per10k=$10.89 inv=$50 clip=$50
08-30 02:51:27 STAT vol=$26,901 cost=$+29.30 per10k=$10.89 inv=$0 clip=$50
08-30 02:52:27 STAT vol=$27,100 cost=$+29.50 per10k=$10.89 inv=$1 clip=$50
08-30 02:53:28 STAT vol=$27,200 cost=$+29.54 per10k=$10.86 inv=$1 clip=$50
08-30 02:54:29 STAT vol=$27,200 cost=$+29.54 per10k=$10.86 inv=$1 clip=$50
08-30 02:55:30 STAT vol=$27,200 cost=$+29.54 per10k=$10.86 inv=$1 clip=$50
08-30 02:56:31 STAT vol=$27,250 cost=$+29.59 per10k=$10.86 inv=$50 clip=$50
08-30 02:57:31 STAT vol=$27,291 cost=$+29.57 per10k=$10.84 inv=$92 clip=$50
08-30 02:58:33 STAT vol=$27,355 cost=$+29.77 per10k=$10.88 inv=$155 clip=$50
08-30 02:59:35 STAT vol=$27,379 cost=$+29.67 per10k=$10.84 inv=$180 clip=$50
08-30 03:00:37 STAT vol=$27,529 cost=$+29.91 per10k=$10.86 inv=$159 clip=$50
08-30 03:01:38 STAT vol=$27,787 cost=$+30.20 per10k=$10.87 inv=$1 clip=$50
08-30 03:02:39 STAT vol=$27,970 cost=$+30.35 per10k=$10.85 inv=$0 clip=$50
08-30 03:03:40 STAT vol=$27,970 cost=$+30.35 per10k=$10.85 inv=$0 clip=$50
08-30 03:04:40 STAT vol=$27,970 cost=$+30.35 per10k=$10.85 inv=$0 clip=$50
08-30 03:05:41 STAT vol=$27,970 cost=$+30.35 per10k=$10.85 inv=$0 clip=$50
08-30 03:06:42 STAT vol=$28,061 cost=$+30.39 per10k=$10.83 inv=$92 clip=$50
08-30 03:07:42 STAT vol=$28,149 cost=$+30.60 per10k=$10.87 inv=$179 clip=$50
08-30 03:08:44 STAT vol=$28,149 cost=$+30.72 per10k=$10.91 inv=$179 clip=$50
08-30 03:09:44 STAT vol=$28,213 cost=$+30.78 per10k=$10.91 inv=$155 clip=$50
08-30 03:10:45 STAT vol=$28,366 cost=$+31.05 per10k=$10.95 inv=$3 clip=$50
08-30 03:11:46 STAT vol=$28,366 cost=$+31.05 per10k=$10.95 inv=$3 clip=$50
08-30 03:12:48 STAT vol=$28,456 cost=$+31.18 per10k=$10.96 inv=$93 clip=$50
08-30 03:13:48 STAT vol=$28,456 cost=$+31.18 per10k=$10.96 inv=$93 clip=$50
08-30 03:14:49 STAT vol=$28,464 cost=$+31.16 per10k=$10.95 inv=$86 clip=$50
08-30 03:15:51 STAT vol=$28,496 cost=$+31.17 per10k=$10.94 inv=$118 clip=$50
08-30 03:16:52 STAT vol=$28,797 cost=$+32.37 per10k=$11.24 inv=$4 clip=$50
08-30 03:17:54 STAT vol=$28,999 cost=$+32.61 per10k=$11.24 inv=$1 clip=$50
08-30 03:18:55 STAT vol=$29,546 cost=$+33.25 per10k=$11.25 inv=$51 clip=$50
08-30 03:19:55 STAT vol=$30,030 cost=$+33.67 per10k=$11.21 inv=$3 clip=$300
08-30 03:20:56 STAT vol=$30,030 cost=$+33.67 per10k=$11.21 inv=$3 clip=$300
08-30 03:21:57 STAT vol=$30,030 cost=$+33.67 per10k=$11.21 inv=$3 clip=$300
08-30 03:22:58 STAT vol=$30,627 cost=$+34.62 per10k=$11.30 inv=$0 clip=$300
08-30 03:24:00 STAT vol=$30,726 cost=$+34.71 per10k=$11.30 inv=$1 clip=$50
08-30 03:25:00 STAT vol=$30,726 cost=$+34.71 per10k=$11.30 inv=$1 clip=$50
08-30 03:26:01 STAT vol=$30,825 cost=$+34.85 per10k=$11.31 inv=$1 clip=$50
08-30 03:27:02 STAT vol=$30,925 cost=$+34.98 per10k=$11.31 inv=$1 clip=$50
08-30 03:28:02 STAT vol=$31,025 cost=$+35.11 per10k=$11.32 inv=$1 clip=$50
08-30 03:29:03 STAT vol=$31,125 cost=$+35.21 per10k=$11.31 inv=$1 clip=$50
08-30 03:30:04 STAT vol=$31,224 cost=$+35.33 per10k=$11.31 inv=$1 clip=$50
08-30 03:31:06 STAT vol=$31,224 cost=$+35.33 per10k=$11.31 inv=$1 clip=$50
08-30 03:32:07 STAT vol=$31,324 cost=$+35.45 per10k=$11.32 inv=$1 clip=$50
08-30 03:33:08 STAT vol=$31,424 cost=$+35.53 per10k=$11.31 inv=$1 clip=$50
08-30 03:34:10 STAT vol=$31,424 cost=$+35.53 per10k=$11.31 inv=$1 clip=$50
08-30 03:35:11 STAT vol=$31,524 cost=$+35.60 per10k=$11.29 inv=$1 clip=$50
08-30 03:36:13 STAT vol=$31,623 cost=$+35.72 per10k=$11.30 inv=$1 clip=$50
08-30 03:37:14 STAT vol=$31,823 cost=$+35.94 per10k=$11.29 inv=$1 clip=$50
08-30 03:38:16 STAT vol=$31,823 cost=$+35.94 per10k=$11.29 inv=$1 clip=$50
08-30 03:39:17 STAT vol=$32,022 cost=$+36.16 per10k=$11.29 inv=$1 clip=$50
08-30 03:40:18 STAT vol=$32,122 cost=$+36.24 per10k=$11.28 inv=$1 clip=$50
08-30 03:41:18 STAT vol=$32,122 cost=$+36.24 per10k=$11.28 inv=$1 clip=$50
08-30 03:42:19 STAT vol=$32,122 cost=$+36.24 per10k=$11.28 inv=$1 clip=$50
08-30 03:43:19 STAT vol=$32,303 cost=$+36.46 per10k=$11.29 inv=$2 clip=$50
08-30 03:44:19 STAT vol=$32,303 cost=$+36.46 per10k=$11.29 inv=$2 clip=$50
08-30 03:45:20 STAT vol=$32,303 cost=$+36.46 per10k=$11.29 inv=$2 clip=$50
08-30 03:46:21 STAT vol=$32,486 cost=$+36.73 per10k=$11.31 inv=$1 clip=$50
08-30 03:47:22 STAT vol=$32,486 cost=$+36.73 per10k=$11.31 inv=$1 clip=$50
08-30 03:48:23 STAT vol=$32,536 cost=$+36.82 per10k=$11.32 inv=$51 clip=$50
08-30 03:49:23 STAT vol=$32,736 cost=$+36.93 per10k=$11.28 inv=$50 clip=$50
08-30 03:50:25 STAT vol=$32,786 cost=$+36.98 per10k=$11.28 inv=$1 clip=$50
08-30 03:51:27 STAT vol=$32,877 cost=$+37.09 per10k=$11.28 inv=$92 clip=$50
08-30 03:52:28 STAT vol=$33,068 cost=$+37.39 per10k=$11.31 inv=$1 clip=$50
08-30 03:53:29 STAT vol=$33,068 cost=$+37.39 per10k=$11.31 inv=$1 clip=$50
08-30 03:54:30 STAT vol=$33,267 cost=$+37.60 per10k=$11.30 inv=$1 clip=$50
08-30 03:55:30 STAT vol=$33,317 cost=$+37.64 per10k=$11.30 inv=$50 clip=$50
08-30 03:56:31 STAT vol=$33,467 cost=$+37.86 per10k=$11.31 inv=$1 clip=$50
08-30 03:57:32 STAT vol=$33,629 cost=$+37.99 per10k=$11.30 inv=$79 clip=$50
08-30 03:58:32 STAT vol=$33,666 cost=$+38.05 per10k=$11.30 inv=$116 clip=$50
08-30 03:59:33 STAT vol=$33,781 cost=$+38.14 per10k=$11.29 inv=$0 clip=$50
08-30 04:00:35 STAT vol=$33,980 cost=$+38.34 per10k=$11.28 inv=$1 clip=$50
08-30 04:01:36 STAT vol=$33,980 cost=$+38.34 per10k=$11.28 inv=$1 clip=$50
08-30 04:02:37 STAT vol=$34,080 cost=$+38.45 per10k=$11.28 inv=$1 clip=$50
08-30 04:03:37 STAT vol=$34,080 cost=$+38.45 per10k=$11.28 inv=$1 clip=$50
08-30 04:04:37 STAT vol=$34,280 cost=$+38.61 per10k=$11.26 inv=$1 clip=$50
08-30 04:05:37 STAT vol=$34,280 cost=$+38.61 per10k=$11.26 inv=$1 clip=$50
08-30 04:06:38 STAT vol=$34,379 cost=$+38.72 per10k=$11.26 inv=$1 clip=$50
08-30 04:07:39 STAT vol=$34,479 cost=$+38.82 per10k=$11.26 inv=$1 clip=$50
08-30 04:08:41 STAT vol=$34,579 cost=$+38.92 per10k=$11.25 inv=$1 clip=$50
08-30 04:09:42 STAT vol=$34,579 cost=$+38.92 per10k=$11.25 inv=$1 clip=$50
08-30 04:10:42 STAT vol=$34,579 cost=$+38.92 per10k=$11.25 inv=$1 clip=$50
08-30 04:11:43 STAT vol=$34,579 cost=$+38.92 per10k=$11.25 inv=$1 clip=$50
08-30 04:12:44 STAT vol=$34,579 cost=$+38.92 per10k=$11.25 inv=$1 clip=$50
08-30 04:13:45 STAT vol=$34,579 cost=$+38.92 per10k=$11.25 inv=$1 clip=$50
08-30 04:14:46 STAT vol=$34,579 cost=$+38.92 per10k=$11.25 inv=$1 clip=$50
08-30 04:15:47 STAT vol=$34,629 cost=$+38.94 per10k=$11.25 inv=$50 clip=$50
08-30 04:16:48 STAT vol=$34,678 cost=$+38.99 per10k=$11.24 inv=$1 clip=$50
08-30 04:17:50 STAT vol=$34,961 cost=$+39.34 per10k=$11.25 inv=$1 clip=$50
08-30 04:18:50 STAT vol=$35,037 cost=$+39.41 per10k=$11.25 inv=$77 clip=$50
08-30 04:19:52 STAT vol=$35,052 cost=$+39.42 per10k=$11.25 inv=$92 clip=$50
08-30 04:20:52 STAT vol=$35,102 cost=$+39.43 per10k=$11.23 inv=$42 clip=$50
08-30 04:21:52 STAT vol=$35,194 cost=$+39.54 per10k=$11.23 inv=$50 clip=$50
08-30 04:22:54 STAT vol=$35,244 cost=$+39.57 per10k=$11.23 inv=$1 clip=$50
08-30 04:23:55 STAT vol=$35,244 cost=$+39.57 per10k=$11.23 inv=$1 clip=$50
08-30 04:24:55 STAT vol=$35,244 cost=$+39.57 per10k=$11.23 inv=$1 clip=$50
08-30 04:25:56 STAT vol=$35,244 cost=$+39.57 per10k=$11.23 inv=$1 clip=$50
08-30 04:26:57 STAT vol=$35,343 cost=$+39.65 per10k=$11.22 inv=$1 clip=$50
08-30 04:27:59 STAT vol=$35,443 cost=$+39.77 per10k=$11.22 inv=$1 clip=$50
08-30 04:28:59 STAT vol=$35,443 cost=$+39.76 per10k=$11.22 inv=$1 clip=$50
08-30 04:30:00 STAT vol=$35,443 cost=$+39.77 per10k=$11.22 inv=$1 clip=$50
08-30 04:31:02 STAT vol=$35,555 cost=$+39.91 per10k=$11.22 inv=$1 clip=$50
08-30 04:32:02 STAT vol=$35,555 cost=$+39.91 per10k=$11.22 inv=$1 clip=$50
08-30 04:33:04 STAT vol=$35,555 cost=$+39.91 per10k=$11.22 inv=$1 clip=$50
08-30 04:34:04 STAT vol=$35,754 cost=$+40.14 per10k=$11.23 inv=$1 clip=$50
08-30 04:35:04 STAT vol=$35,754 cost=$+40.14 per10k=$11.23 inv=$1 clip=$50
08-30 04:36:05 STAT vol=$35,854 cost=$+40.26 per10k=$11.23 inv=$1 clip=$50
08-30 04:37:05 STAT vol=$36,036 cost=$+40.52 per10k=$11.25 inv=$1 clip=$50
08-30 04:38:06 STAT vol=$36,036 cost=$+40.52 per10k=$11.25 inv=$1 clip=$50
08-30 04:39:07 STAT vol=$36,036 cost=$+40.52 per10k=$11.24 inv=$1 clip=$50
08-30 04:40:08 STAT vol=$36,036 cost=$+40.52 per10k=$11.24 inv=$1 clip=$50
08-30 04:41:10 STAT vol=$36,036 cost=$+40.52 per10k=$11.24 inv=$1 clip=$50
08-30 04:42:11 STAT vol=$36,136 cost=$+40.64 per10k=$11.25 inv=$1 clip=$50
08-30 04:43:12 STAT vol=$36,182 cost=$+40.68 per10k=$11.24 inv=$0 clip=$50
08-30 04:44:13 STAT vol=$36,182 cost=$+40.68 per10k=$11.24 inv=$0 clip=$50
08-30 04:45:15 STAT vol=$36,182 cost=$+40.68 per10k=$11.24 inv=$0 clip=$50
08-30 04:46:15 STAT vol=$36,282 cost=$+40.79 per10k=$11.24 inv=$1 clip=$50
08-30 04:47:16 STAT vol=$36,282 cost=$+40.79 per10k=$11.24 inv=$1 clip=$50
08-30 04:48:17 STAT vol=$36,382 cost=$+40.92 per10k=$11.25 inv=$1 clip=$50
08-30 04:49:18 STAT vol=$36,382 cost=$+40.92 per10k=$11.25 inv=$1 clip=$50
08-30 04:50:19 STAT vol=$36,382 cost=$+40.92 per10k=$11.25 inv=$1 clip=$50
08-30 04:51:20 STAT vol=$36,382 cost=$+40.92 per10k=$11.25 inv=$1 clip=$50
08-30 04:52:20 STAT vol=$36,382 cost=$+40.92 per10k=$11.25 inv=$1 clip=$50
08-30 04:53:21 STAT vol=$36,382 cost=$+40.92 per10k=$11.25 inv=$1 clip=$50
08-30 04:54:23 STAT vol=$36,382 cost=$+40.92 per10k=$11.25 inv=$1 clip=$50
08-30 04:55:25 STAT vol=$36,382 cost=$+40.92 per10k=$11.25 inv=$1 clip=$50
08-30 04:56:25 STAT vol=$36,481 cost=$+41.03 per10k=$11.25 inv=$1 clip=$50
08-30 04:57:26 STAT vol=$36,481 cost=$+41.03 per10k=$11.25 inv=$1 clip=$50
08-30 04:58:27 STAT vol=$36,481 cost=$+41.03 per10k=$11.25 inv=$1 clip=$50
08-30 04:59:29 STAT vol=$36,481 cost=$+41.03 per10k=$11.25 inv=$1 clip=$50
08-30 05:00:29 STAT vol=$36,481 cost=$+41.03 per10k=$11.25 inv=$1 clip=$50
08-30 05:01:29 STAT vol=$36,581 cost=$+41.14 per10k=$11.25 inv=$1 clip=$50
08-30 05:02:31 STAT vol=$36,581 cost=$+41.14 per10k=$11.25 inv=$1 clip=$50
08-30 05:03:32 STAT vol=$36,681 cost=$+41.22 per10k=$11.24 inv=$1 clip=$50
08-30 05:04:33 STAT vol=$36,780 cost=$+41.32 per10k=$11.23 inv=$1 clip=$50
08-30 05:05:33 STAT vol=$36,780 cost=$+41.32 per10k=$11.23 inv=$1 clip=$50
08-30 05:06:34 STAT vol=$36,780 cost=$+41.32 per10k=$11.23 inv=$1 clip=$50
08-30 05:07:34 STAT vol=$36,880 cost=$+41.47 per10k=$11.24 inv=$1 clip=$50
08-30 05:08:34 STAT vol=$36,880 cost=$+41.47 per10k=$11.24 inv=$1 clip=$50
08-30 05:09:35 STAT vol=$36,880 cost=$+41.47 per10k=$11.24 inv=$1 clip=$50
08-30 05:10:36 STAT vol=$36,880 cost=$+41.47 per10k=$11.24 inv=$1 clip=$50
08-30 05:11:37 STAT vol=$36,880 cost=$+41.47 per10k=$11.24 inv=$1 clip=$50
08-30 05:12:38 STAT vol=$36,880 cost=$+41.47 per10k=$11.24 inv=$1 clip=$50
08-30 05:13:39 STAT vol=$37,255 cost=$+41.83 per10k=$11.23 inv=$1 clip=$50
08-30 05:14:41 STAT vol=$37,255 cost=$+41.83 per10k=$11.23 inv=$1 clip=$50
08-30 05:15:42 STAT vol=$37,255 cost=$+41.82 per10k=$11.23 inv=$1 clip=$50
08-30 05:16:42 STAT vol=$37,255 cost=$+41.82 per10k=$11.23 inv=$1 clip=$50
08-30 05:17:44 STAT vol=$37,255 cost=$+41.82 per10k=$11.23 inv=$1 clip=$50
08-30 05:18:44 STAT vol=$37,255 cost=$+41.83 per10k=$11.23 inv=$1 clip=$50
08-30 05:19:46 STAT vol=$37,354 cost=$+41.94 per10k=$11.23 inv=$1 clip=$50
08-30 05:20:47 STAT vol=$37,354 cost=$+41.94 per10k=$11.23 inv=$1 clip=$50
08-30 05:21:49 STAT vol=$37,454 cost=$+42.05 per10k=$11.23 inv=$1 clip=$50
08-30 05:22:49 STAT vol=$37,454 cost=$+42.05 per10k=$11.23 inv=$1 clip=$50
08-30 05:23:51 STAT vol=$37,454 cost=$+42.05 per10k=$11.23 inv=$1 clip=$50
08-30 05:24:52 STAT vol=$37,654 cost=$+42.23 per10k=$11.22 inv=$1 clip=$300
08-30 05:25:53 STAT vol=$39,450 cost=$+43.60 per10k=$11.05 inv=$2 clip=$300
08-30 05:26:54 STAT vol=$40,642 cost=$+44.67 per10k=$10.99 inv=$5 clip=$300
08-30 05:27:56 STAT vol=$41,838 cost=$+45.68 per10k=$10.92 inv=$0 clip=$300
08-30 05:28:56 STAT vol=$43,037 cost=$+46.73 per10k=$10.86 inv=$0 clip=$300
08-30 05:29:57 STAT vol=$44,836 cost=$+48.58 per10k=$10.83 inv=$0 clip=$300
08-30 05:30:58 STAT vol=$44,836 cost=$+48.58 per10k=$10.83 inv=$0 clip=$300
08-30 05:31:59 STAT vol=$45,735 cost=$+49.42 per10k=$10.80 inv=$299 clip=$300
08-30 05:33:00 STAT vol=$46,035 cost=$+49.81 per10k=$10.82 inv=$0 clip=$300
08-30 05:34:02 STAT vol=$46,035 cost=$+49.81 per10k=$10.82 inv=$0 clip=$300
08-30 05:35:03 STAT vol=$46,035 cost=$+49.81 per10k=$10.82 inv=$0 clip=$300
08-30 05:36:04 STAT vol=$46,035 cost=$+49.81 per10k=$10.82 inv=$0 clip=$50
08-30 05:37:05 STAT vol=$46,134 cost=$+49.92 per10k=$10.82 inv=$1 clip=$50
08-30 05:38:06 STAT vol=$46,134 cost=$+49.92 per10k=$10.82 inv=$1 clip=$50
08-30 05:39:07 STAT vol=$46,134 cost=$+49.92 per10k=$10.82 inv=$1 clip=$50
08-30 05:40:07 STAT vol=$46,234 cost=$+50.03 per10k=$10.82 inv=$1 clip=$50
08-30 05:41:08 STAT vol=$46,334 cost=$+50.14 per10k=$10.82 inv=$1 clip=$50
08-30 05:42:10 STAT vol=$46,334 cost=$+50.14 per10k=$10.82 inv=$1 clip=$50
08-30 05:43:10 STAT vol=$46,334 cost=$+50.14 per10k=$10.82 inv=$1 clip=$50
08-30 05:44:11 STAT vol=$46,334 cost=$+50.14 per10k=$10.82 inv=$1 clip=$50
08-30 05:45:13 STAT vol=$46,433 cost=$+50.29 per10k=$10.83 inv=$1 clip=$50
08-30 05:46:14 STAT vol=$46,433 cost=$+50.29 per10k=$10.83 inv=$1 clip=$50
08-30 05:47:15 STAT vol=$46,433 cost=$+50.29 per10k=$10.83 inv=$1 clip=$50
08-30 05:48:17 STAT vol=$46,533 cost=$+50.40 per10k=$10.83 inv=$1 clip=$50
08-30 05:49:18 STAT vol=$46,533 cost=$+50.40 per10k=$10.83 inv=$1 clip=$50
08-30 05:50:19 STAT vol=$46,533 cost=$+50.40 per10k=$10.83 inv=$1 clip=$50
08-30 05:51:20 STAT vol=$46,583 cost=$+50.45 per10k=$10.83 inv=$50 clip=$50
08-30 05:52:21 STAT vol=$46,732 cost=$+50.55 per10k=$10.82 inv=$1 clip=$50
08-30 05:53:21 STAT vol=$47,032 cost=$+50.88 per10k=$10.82 inv=$1 clip=$50
08-30 05:54:23 STAT vol=$47,871 cost=$+52.02 per10k=$10.87 inv=$6 clip=$300
08-30 05:55:23 STAT vol=$48,743 cost=$+52.62 per10k=$10.79 inv=$6 clip=$300
08-30 05:56:23 STAT vol=$49,348 cost=$+53.65 per10k=$10.87 inv=$0 clip=$300
08-30 05:57:25 STAT vol=$49,348 cost=$+53.65 per10k=$10.87 inv=$0 clip=$300
08-30 05:58:25 STAT vol=$49,648 cost=$+53.91 per10k=$10.86 inv=$299 clip=$300
08-30 05:59:26 STAT vol=$49,948 cost=$+54.32 per10k=$10.88 inv=$0 clip=$300
08-30 06:00:28 STAT vol=$49,948 cost=$+54.32 per10k=$10.88 inv=$0 clip=$300
08-30 06:01:28 STAT vol=$50,547 cost=$+55.33 per10k=$10.95 inv=$0 clip=$300
08-30 06:02:29 STAT vol=$51,146 cost=$+56.12 per10k=$10.97 inv=$0 clip=$50
08-30 06:03:30 STAT vol=$51,245 cost=$+56.35 per10k=$11.00 inv=$1 clip=$50
08-30 06:04:32 STAT vol=$51,378 cost=$+56.58 per10k=$11.01 inv=$91 clip=$50
08-30 06:05:33 STAT vol=$51,565 cost=$+57.13 per10k=$11.08 inv=$2 clip=$50
08-30 06:06:33 STAT vol=$51,693 cost=$+57.41 per10k=$11.11 inv=$1 clip=$50
08-30 06:07:33 STAT vol=$51,892 cost=$+57.64 per10k=$11.11 inv=$1 clip=$50
08-30 06:08:34 STAT vol=$51,892 cost=$+57.64 per10k=$11.11 inv=$1 clip=$50
08-30 06:09:35 STAT vol=$51,992 cost=$+57.71 per10k=$11.10 inv=$1 clip=$50
08-30 06:10:36 STAT vol=$52,092 cost=$+57.83 per10k=$11.10 inv=$1 clip=$50
08-30 06:11:38 STAT vol=$52,192 cost=$+57.90 per10k=$11.09 inv=$1 clip=$50
08-30 06:12:40 STAT vol=$52,192 cost=$+57.90 per10k=$11.09 inv=$1 clip=$50
08-30 06:13:41 STAT vol=$52,192 cost=$+57.90 per10k=$11.09 inv=$1 clip=$50
08-30 06:14:43 STAT vol=$52,192 cost=$+57.90 per10k=$11.09 inv=$1 clip=$50
08-30 06:15:44 STAT vol=$52,291 cost=$+57.99 per10k=$11.09 inv=$1 clip=$50
08-30 06:16:44 STAT vol=$52,326 cost=$+58.02 per10k=$11.09 inv=$0 clip=$50
08-30 06:17:44 STAT vol=$52,326 cost=$+58.02 per10k=$11.09 inv=$0 clip=$50
08-30 06:18:45 STAT vol=$52,624 cost=$+58.54 per10k=$11.12 inv=$1 clip=$50
08-30 06:19:46 STAT vol=$52,874 cost=$+58.75 per10k=$11.11 inv=$2 clip=$50
08-30 06:20:48 STAT vol=$52,874 cost=$+58.74 per10k=$11.11 inv=$2 clip=$50
08-30 06:21:49 STAT vol=$52,874 cost=$+58.74 per10k=$11.11 inv=$2 clip=$50
08-30 06:22:50 STAT vol=$52,924 cost=$+58.80 per10k=$11.11 inv=$52 clip=$50
08-30 06:23:51 STAT vol=$53,125 cost=$+59.03 per10k=$11.11 inv=$50 clip=$50
08-30 06:24:52 STAT vol=$53,456 cost=$+59.48 per10k=$11.13 inv=$1 clip=$50
08-30 06:25:53 STAT vol=$53,560 cost=$+59.61 per10k=$11.13 inv=$50 clip=$50
08-30 06:26:54 STAT vol=$53,609 cost=$+59.67 per10k=$11.13 inv=$1 clip=$50
08-30 06:27:55 STAT vol=$53,609 cost=$+59.67 per10k=$11.13 inv=$1 clip=$50
08-30 06:28:55 STAT vol=$53,609 cost=$+59.67 per10k=$11.13 inv=$1 clip=$50
08-30 06:29:56 STAT vol=$53,908 cost=$+60.06 per10k=$11.14 inv=$1 clip=$50
08-30 06:30:58 STAT vol=$54,008 cost=$+60.20 per10k=$11.15 inv=$1 clip=$50
08-30 06:31:59 STAT vol=$54,108 cost=$+60.31 per10k=$11.15 inv=$1 clip=$50
08-30 06:33:00 STAT vol=$54,299 cost=$+60.49 per10k=$11.14 inv=$92 clip=$50
08-30 06:34:01 STAT vol=$54,439 cost=$+60.63 per10k=$11.14 inv=$51 clip=$50
08-30 06:35:02 STAT vol=$54,672 cost=$+60.93 per10k=$11.15 inv=$1 clip=$50
08-30 06:36:03 STAT vol=$54,672 cost=$+60.93 per10k=$11.15 inv=$1 clip=$50
08-30 06:37:05 STAT vol=$54,870 cost=$+61.16 per10k=$11.15 inv=$2 clip=$50
08-30 06:38:05 STAT vol=$54,870 cost=$+61.16 per10k=$11.15 inv=$2 clip=$50
08-30 06:39:07 STAT vol=$54,870 cost=$+61.16 per10k=$11.15 inv=$2 clip=$50
08-30 06:40:08 STAT vol=$54,971 cost=$+61.27 per10k=$11.15 inv=$1 clip=$50
08-30 06:41:09 STAT vol=$55,170 cost=$+61.46 per10k=$11.14 inv=$1 clip=$50
08-30 06:42:10 STAT vol=$55,181 cost=$+61.46 per10k=$11.14 inv=$11 clip=$50
08-30 06:43:12 STAT vol=$55,291 cost=$+61.61 per10k=$11.14 inv=$1 clip=$50
08-30 06:44:13 STAT vol=$55,291 cost=$+61.61 per10k=$11.14 inv=$1 clip=$50
08-30 06:45:13 STAT vol=$55,291 cost=$+61.61 per10k=$11.14 inv=$1 clip=$50
08-30 06:46:15 STAT vol=$55,291 cost=$+61.61 per10k=$11.14 inv=$1 clip=$50
08-30 06:47:16 STAT vol=$55,291 cost=$+61.61 per10k=$11.14 inv=$1 clip=$50
08-30 06:48:16 STAT vol=$55,390 cost=$+61.73 per10k=$11.14 inv=$1 clip=$50
08-30 06:49:17 STAT vol=$55,390 cost=$+61.73 per10k=$11.14 inv=$1 clip=$50
08-30 06:50:19 STAT vol=$55,390 cost=$+61.73 per10k=$11.14 inv=$1 clip=$50
08-30 06:51:21 STAT vol=$55,390 cost=$+61.73 per10k=$11.14 inv=$1 clip=$50
08-30 06:52:22 STAT vol=$55,490 cost=$+61.85 per10k=$11.15 inv=$1 clip=$50
08-30 06:53:23 STAT vol=$55,773 cost=$+62.22 per10k=$11.16 inv=$1 clip=$50
08-30 06:54:24 STAT vol=$55,867 cost=$+62.29 per10k=$11.15 inv=$6 clip=$50
08-30 06:55:25 STAT vol=$55,873 cost=$+62.30 per10k=$11.15 inv=$0 clip=$50
08-30 06:56:26 STAT vol=$56,090 cost=$+62.43 per10k=$11.13 inv=$216 clip=$50
08-30 06:57:26 STAT vol=$56,486 cost=$+62.75 per10k=$11.11 inv=$273 clip=$50
08-30 06:58:27 STAT vol=$56,848 cost=$+63.18 per10k=$11.11 inv=$1 clip=$50
08-30 06:59:29 STAT vol=$56,948 cost=$+63.28 per10k=$11.11 inv=$1 clip=$50
08-30 07:00:29 STAT vol=$56,948 cost=$+63.28 per10k=$11.11 inv=$1 clip=$50
08-30 07:01:30 STAT vol=$57,147 cost=$+63.51 per10k=$11.11 inv=$1 clip=$50
08-30 07:02:32 STAT vol=$57,297 cost=$+63.61 per10k=$11.10 inv=$50 clip=$50
08-30 07:03:33 STAT vol=$57,347 cost=$+63.71 per10k=$11.11 inv=$1 clip=$50
08-30 07:04:33 STAT vol=$57,446 cost=$+63.87 per10k=$11.12 inv=$1 clip=$50
08-30 07:05:34 STAT vol=$57,446 cost=$+63.87 per10k=$11.12 inv=$1 clip=$50
08-30 07:06:36 STAT vol=$57,446 cost=$+63.87 per10k=$11.12 inv=$1 clip=$50
08-30 07:07:37 STAT vol=$57,446 cost=$+63.87 per10k=$11.12 inv=$1 clip=$50
08-30 07:08:39 STAT vol=$57,646 cost=$+64.12 per10k=$11.12 inv=$1 clip=$50
08-30 07:09:40 STAT vol=$57,845 cost=$+64.36 per10k=$11.13 inv=$1 clip=$50
08-30 07:10:41 STAT vol=$58,045 cost=$+64.63 per10k=$11.14 inv=$1 clip=$50
08-30 07:11:42 STAT vol=$58,045 cost=$+64.63 per10k=$11.14 inv=$1 clip=$50
08-30 07:12:44 STAT vol=$58,144 cost=$+64.72 per10k=$11.13 inv=$1 clip=$50
08-30 07:13:45 STAT vol=$58,244 cost=$+64.84 per10k=$11.13 inv=$1 clip=$50
08-30 07:14:45 STAT vol=$58,527 cost=$+65.19 per10k=$11.14 inv=$0 clip=$50
08-30 07:15:45 STAT vol=$58,627 cost=$+65.28 per10k=$11.13 inv=$1 clip=$50
08-30 07:16:47 STAT vol=$58,627 cost=$+65.28 per10k=$11.13 inv=$1 clip=$50
08-30 07:17:48 STAT vol=$58,787 cost=$+65.36 per10k=$11.12 inv=$161 clip=$50
08-30 07:18:49 STAT vol=$59,231 cost=$+65.81 per10k=$11.11 inv=$1 clip=$50
08-30 07:19:49 STAT vol=$59,231 cost=$+65.81 per10k=$11.11 inv=$1 clip=$50
08-30 07:20:50 STAT vol=$59,231 cost=$+65.81 per10k=$11.11 inv=$1 clip=$50
08-30 07:21:51 STAT vol=$59,231 cost=$+65.81 per10k=$11.11 inv=$1 clip=$50
08-30 07:22:51 STAT vol=$59,231 cost=$+65.81 per10k=$11.11 inv=$1 clip=$50
08-30 07:23:52 STAT vol=$59,280 cost=$+65.82 per10k=$11.10 inv=$51 clip=$50
08-30 07:24:54 STAT vol=$59,354 cost=$+65.91 per10k=$11.10 inv=$0 clip=$50
08-30 07:25:54 STAT vol=$59,354 cost=$+65.91 per10k=$11.10 inv=$0 clip=$50
08-30 07:26:54 STAT vol=$59,354 cost=$+65.91 per10k=$11.10 inv=$0 clip=$50
08-30 07:27:55 STAT vol=$59,384 cost=$+65.93 per10k=$11.10 inv=$0 clip=$50
08-30 07:28:55 STAT vol=$59,384 cost=$+65.93 per10k=$11.10 inv=$0 clip=$50
08-30 07:29:56 STAT vol=$59,434 cost=$+65.97 per10k=$11.10 inv=$50 clip=$50
08-30 07:30:57 STAT vol=$59,583 cost=$+66.17 per10k=$11.11 inv=$1 clip=$50
08-30 07:31:59 STAT vol=$59,583 cost=$+66.17 per10k=$11.11 inv=$1 clip=$50
08-30 07:33:00 STAT vol=$59,583 cost=$+66.17 per10k=$11.11 inv=$1 clip=$50
08-30 07:34:00 STAT vol=$59,583 cost=$+66.17 per10k=$11.11 inv=$1 clip=$50
08-30 07:35:00 STAT vol=$59,583 cost=$+66.17 per10k=$11.11 inv=$1 clip=$50
08-30 07:36:01 STAT vol=$59,583 cost=$+66.17 per10k=$11.11 inv=$1 clip=$50
08-30 07:37:03 STAT vol=$59,583 cost=$+66.17 per10k=$11.11 inv=$1 clip=$50
08-30 07:38:03 STAT vol=$59,683 cost=$+66.20 per10k=$11.09 inv=$1 clip=$50
08-30 07:39:04 STAT vol=$59,981 cost=$+66.45 per10k=$11.08 inv=$2 clip=$50
08-30 07:40:05 STAT vol=$60,037 cost=$+66.51 per10k=$11.08 inv=$45 clip=$50
08-30 07:41:05 STAT vol=$60,440 cost=$+66.81 per10k=$11.05 inv=$53 clip=$50
08-30 07:42:06 STAT vol=$60,692 cost=$+67.40 per10k=$11.11 inv=$200 clip=$50
08-30 07:43:07 STAT vol=$60,936 cost=$+67.72 per10k=$11.11 inv=$18 clip=$50
08-30 07:44:09 STAT vol=$61,125 cost=$+67.85 per10k=$11.10 inv=$0 clip=$50
08-30 07:45:10 STAT vol=$61,125 cost=$+67.85 per10k=$11.10 inv=$0 clip=$50
08-30 07:46:11 STAT vol=$61,407 cost=$+68.14 per10k=$11.10 inv=$1 clip=$50
08-30 07:47:12 STAT vol=$61,507 cost=$+68.27 per10k=$11.10 inv=$1 clip=$50
08-30 07:48:13 STAT vol=$61,507 cost=$+68.27 per10k=$11.10 inv=$1 clip=$50
08-30 07:49:14 STAT vol=$61,507 cost=$+68.27 per10k=$11.10 inv=$1 clip=$50
08-30 07:50:15 STAT vol=$61,557 cost=$+68.31 per10k=$11.10 inv=$50 clip=$50
08-30 07:51:16 STAT vol=$61,599 cost=$+68.34 per10k=$11.09 inv=$92 clip=$50
08-30 07:52:17 STAT vol=$61,699 cost=$+68.45 per10k=$11.09 inv=$11 clip=$50
08-30 07:53:17 STAT vol=$61,803 cost=$+68.67 per10k=$11.11 inv=$91 clip=$50
08-30 07:54:17 STAT vol=$62,068 cost=$+69.03 per10k=$11.12 inv=$52 clip=$50
08-30 07:55:19 STAT vol=$62,304 cost=$+69.22 per10k=$11.11 inv=$85 clip=$50
08-30 07:56:20 STAT vol=$62,560 cost=$+69.45 per10k=$11.10 inv=$1 clip=$50
08-30 07:57:20 STAT vol=$62,651 cost=$+69.58 per10k=$11.11 inv=$92 clip=$50
08-30 07:58:21 STAT vol=$62,810 cost=$+69.78 per10k=$11.11 inv=$2 clip=$50
08-30 07:59:22 STAT vol=$62,810 cost=$+69.78 per10k=$11.11 inv=$2 clip=$50
08-30 08:00:22 STAT vol=$63,042 cost=$+70.00 per10k=$11.10 inv=$51 clip=$50
08-30 08:01:23 STAT vol=$63,093 cost=$+70.03 per10k=$11.10 inv=$1 clip=$50
08-30 08:02:25 STAT vol=$63,193 cost=$+70.13 per10k=$11.10 inv=$1 clip=$50
08-30 08:03:26 STAT vol=$63,292 cost=$+70.28 per10k=$11.10 inv=$1 clip=$50
08-30 08:04:27 STAT vol=$63,342 cost=$+70.32 per10k=$11.10 inv=$50 clip=$50
08-30 08:05:27 STAT vol=$63,474 cost=$+70.49 per10k=$11.11 inv=$1 clip=$50
08-30 08:06:28 STAT vol=$63,474 cost=$+70.49 per10k=$11.11 inv=$1 clip=$50
08-30 08:07:29 STAT vol=$63,566 cost=$+70.61 per10k=$11.11 inv=$93 clip=$50
08-30 08:08:30 STAT vol=$63,707 cost=$+70.73 per10k=$11.10 inv=$51 clip=$50
08-30 08:09:31 STAT vol=$63,839 cost=$+70.84 per10k=$11.10 inv=$1 clip=$50
08-30 08:10:33 STAT vol=$63,939 cost=$+70.94 per10k=$11.10 inv=$1 clip=$50
08-30 08:11:34 STAT vol=$63,939 cost=$+70.95 per10k=$11.10 inv=$1 clip=$50
